I'm sorry, but errors were detected in your script. Please correct the
errors listed below, and try again.


File "game/script.rpy", line 358: end of line expected.
    hide g2_uniform; hide b1_uniform
                   ^

File "game/script.rpy", line 392: end of line expected.
    hide g1_casual; hide g2_casual; hide b1_casual
                  ^

File "game/script.rpy", line 532: end of line expected.
    hide g1_casual; hide g2_casual
                  ^

File "game/script.rpy", line 553: end of line expected.
    hide g1_casual; hide g2_casual
                  ^

Ren'Py Version: Ren'Py 8.4.1.25072401
Sun Sep 28 03:10:33 2025
